[www.theglowbarldn.com/index.html]
[static.wixstatic.com/media/a240ce_190b2075db324cefb24a3277e3014233_mv2.jpg/v1/fill/w_192,h_192,lg_1,usm_0.66_1.00_0.01/a240ce_190b2075db324cefb24a3277e3014233_mv2.jpg]
[static.wixstatic.com/media/a240ce_190b2075db324cefb24a3277e3014233_mv2.jpg/v1/fill/w_32,h_32,lg_1,usm_0.66_1.00_0.01/a240ce_190b2075db324cefb24a3277e3014233_mv2.jpg]
[static.wixstatic.com/media/a240ce_190b2075db324cefb24a3277e3014233_mv2.jpg/v1/fill/w_180,h_180,lg_1,usm_0.66_1.00_0.01/a240ce_190b2075db324cefb24a3277e3014233_mv2.jpg]
[static.parastorage.com/unpkg/core-js-bundle@3.2.1/minified.js]
[static.parastorage.com/unpkg/focus-within-polyfill@5.0.9/dist/focus-within-polyfill.js]
[www.theglowbarldn.com/c.5.delayed]
[www.theglowbarldn.com/t.6.delayed]
[backblue.gif]
[fade.gif]
[index.html]
[static.parastorage.com/tag-bundler/api/v1/fonts-cache/googlefont/woff2/s/raleway/v26/1Ptug8zYS_SKggPNyCIIT4ttDfCmxA.woff2]
[static.parastorage.com/tag-bundler/api/v1/fonts-cache/googlefont/woff2/s/raleway/v26/1Ptsg8zYS_SKggPNyCg4QoFqL_KWxWMT.woff2]
[static.parastorage.com/tag-bundler/api/v1/fonts-cache/googlefont/woff2/s/raleway/v26/1Ptug8zYS_SKggPNyCAIT4ttDfCmxA.woff2]
[static.parastorage.com/tag-bundler/api/v1/fonts-cache/googlefont/woff2/s/raleway/v26/1Ptsg8zYS_SKggPNyCg4QIFqL_KWxWMT.woff2]
[static.parastorage.com/tag-bundler/api/v1/fonts-cache/googlefont/woff2/s/raleway/v26/1Ptug8zYS_SKggPNyCkIT4ttDfCmxA.woff2]
[static.parastorage.com/tag-bundler/api/v1/fonts-cache/googlefont/woff2/s/raleway/v26/1Ptsg8zYS_SKggPNyCg4SYFqL_KWxWMT.woff2]
[www.theglowbarldn.com/blog-feed.xml]
[static.parastorage.com/tag-bundler/api/v1/fonts-cache/googlefont/woff2/s/raleway/v26/1Ptug8zYS_SKggPNyCMIT4ttDfCmxA.woff2]
[static.parastorage.com/tag-bundler/api/v1/fonts-cache/googlefont/woff2/s/raleway/v26/1Ptsg8zYS_SKggPNyCg4Q4FqL_KWxWMT.woff2]
[static.parastorage.com/tag-bundler/api/v1/fonts-cache/googlefont/woff2/s/raleway/v26/1Ptug8zYS_SKggPNyC0IT4ttDfA.woff2]
[static.parastorage.com/tag-bundler/api/v1/fonts-cache/googlefont/woff2/s/raleway/v26/1Ptsg8zYS_SKggPNyCg4TYFqL_KWxQ.woff2]
[static.parastorage.com/fonts/v2/eca8b0cd-45d8-43cf-aee7-ca462bc5497c/v1/din-next-w10-light.woff2]
[static.parastorage.com/fonts/v2/eca8b0cd-45d8-43cf-aee7-ca462bc5497c/v1/din-next-w02-light.woff2]
[static.parastorage.com/fonts/v2/eca8b0cd-45d8-43cf-aee7-ca462bc5497c/v1/din-next-w01-light.woff2]
[static.parastorage.com/tag-bundler/api/v1/fonts-cache/googlefont/woff2/s/raleway/v12/lFxvRPuGFG5ktd7P0WRwKhUOjZSKWg4xBWp_C_qQx0o.woff2]
[static.parastorage.com/tag-bundler/api/v1/fonts-cache/googlefont/woff2/s/raleway/v12/STBOO2waD2LpX45SXYjQBfk_vArhqVIZ0nv9q090hN8.woff2]
[static.parastorage.com/tag-bundler/api/v1/fonts-cache/googlefont/woff2/s/raleway/v12/OY22yoG8EJ3IN_muVWm29BUOjZSKWg4xBWp_C_qQx0o.woff2]
[static.parastorage.com/tag-bundler/api/v1/fonts-cache/googlefont/woff2/s/raleway/v12/WmVKXVcOuffP_qmCpFuyzfk_vArhqVIZ0nv9q090hN8.woff2]
[static.parastorage.com/fonts/v2/c24fcada-6239-48bc-8b88-9288338191c9/v1/proxima-n-w05-reg.woff2]
[static.parastorage.com/fonts/v2/c24fcada-6239-48bc-8b88-9288338191c9/v1/proxima-n-w01-reg.woff2]
[static.wixstatic.com/ufonts/a9ff3b_06b039e744b34faab84ef572821f16e4/woff2/file.woff2]
[static.wixstatic.com/ufonts/a9ff3b_06b039e744b34faab84ef572821f16e4/woff/file.woff]
[static.wixstatic.com/ufonts/a9ff3b_06b039e744b34faab84ef572821f16e4/ttf/file.ttf]
[static.parastorage.com/fonts/v2/74290729-59ae-4129-87d0-2eec3974dce1/v1/avenir-lt-w05_85-heavy.woff2]
[static.parastorage.com/fonts/v2/74290729-59ae-4129-87d0-2eec3974dce1/v1/avenir-lt-w01_85-heavy1475544.woff2]
[static.wixstatic.com/ufonts/a9ff3b_88119413f76a4700a45a5d8cf83cc00e/woff2/file.woff2]
[static.wixstatic.com/ufonts/a9ff3b_88119413f76a4700a45a5d8cf83cc00e/woff/file.woff]
[static.wixstatic.com/ufonts/a9ff3b_88119413f76a4700a45a5d8cf83cc00e/ttf/file.ttf]
[static.parastorage.com/fonts/v2/af36905f-3c92-4ef9-b0c1-f91432f16ac1/v1/avenir-lt-w05_35-light.woff2]
[static.parastorage.com/fonts/v2/af36905f-3c92-4ef9-b0c1-f91432f16ac1/v1/avenir-lt-w01_35-light1475496.woff2]
[static.parastorage.com/fonts/v2/f73e760d-c6b3-4659-9a8c-9ce1d76c1173/madefor-text.var.original.woff2]
[static.parastorage.com/fonts/v2/f73e760d-c6b3-4659-9a8c-9ce1d76c1173/v1/madefor-text.woff2]
[static.parastorage.com/fonts/v2/19247d19-0454-4de8-b907-b818135794bd/madefor-text.var.original.woff2]
[static.parastorage.com/fonts/v2/19247d19-0454-4de8-b907-b818135794bd/v1/madefor-text.woff2]
[static.parastorage.com/tag-bundler/api/v1/fonts-cache/googlefont/woff2/s/poppins/v5/h3r77AwDsldr1E_2g4qqGPk_vArhqVIZ0nv9q090hN8.woff2]
[static.parastorage.com/tag-bundler/api/v1/fonts-cache/googlefont/woff2/s/poppins/v5/Fm41upUVp7KTKUZhL0PfQVtXRa8TVwTICgirnJhmVJw.woff2]
[static.parastorage.com/tag-bundler/api/v1/fonts-cache/googlefont/woff2/s/poppins/v5/rijG6I_IOXJjsH07UEo2mw.woff2]
[static.parastorage.com/tag-bundler/api/v1/fonts-cache/googlefont/woff2/s/poppins/v5/-GlaWpWcSgdVagNuOGuFKRUOjZSKWg4xBWp_C_qQx0o.woff2]
[static.parastorage.com/tag-bundler/api/v1/fonts-cache/googlefont/woff2/s/poppins/v21/pxiDyp8kv8JHgFVrJJLmy15VGdeOYktMqlap.woff2]
[static.parastorage.com/tag-bundler/api/v1/fonts-cache/googlefont/woff2/s/poppins/v21/pxiGyp8kv8JHgFVrJJLufntAOvWDSHFF.woff2]
[static.parastorage.com/tag-bundler/api/v1/fonts-cache/googlefont/woff2/s/poppins/v21/pxiEyp8kv8JHgFVrJJnecnFHGPezSQ.woff2]
[static.parastorage.com/tag-bundler/api/v1/fonts-cache/googlefont/woff2/s/poppins/v21/pxiByp8kv8JHgFVrLCz7Z1JlFd2JQEl8qw.woff2]
[static.parastorage.com/tag-bundler/api/v1/fonts-cache/googlefont/woff2/s/poppins/v21/pxiDyp8kv8JHgFVrJJLmy15VF9eOYktMqg.woff2]
[static.parastorage.com/tag-bundler/api/v1/fonts-cache/googlefont/woff2/s/poppins/v21/pxiGyp8kv8JHgFVrJJLucHtAOvWDSA.woff2]
[static.parastorage.com/tag-bundler/api/v1/fonts-cache/googlefont/woff2/s/poppins/v21/pxiEyp8kv8JHgFVrJJfecnFHGPc.woff2]
[static.parastorage.com/tag-bundler/api/v1/fonts-cache/googlefont/woff2/s/poppins/v21/pxiByp8kv8JHgFVrLCz7Z1xlFd2JQEk.woff2]
[static.parastorage.com/tag-bundler/api/v1/fonts-cache/googlefont/woff2/s/leaguespartan/v11/kJEqBuEW6A0lliaV_m88ja5TwvZ_LZmXD4ZhoJo.woff2]
[static.parastorage.com/tag-bundler/api/v1/fonts-cache/googlefont/woff2/s/leaguespartan/v11/kJEqBuEW6A0lliaV_m88ja5TwvZ-LZmXD4ZhoJo.woff2]
[static.parastorage.com/tag-bundler/api/v1/fonts-cache/googlefont/woff2/s/leaguespartan/v11/kJEqBuEW6A0lliaV_m88ja5TwvZwLZmXD4Zh.woff2]
[static.parastorage.com/fonts/v2/790166f1-b347-4f16-8a29-f0c4931a7c35/v1/futura-lt-w01-book.woff2]
[www.theglowbarldn.com/members-area/my-rewards.html]
[www.theglowbarldn.com/treatments.html]
[www.w3.org/2000/svg.html]
[www.theglowbarldn.com/about-us.html]
[www.theglowbarldn.com/gift-cards.html]
[www.theglowbarldn.com/treatment-subscriptions.html]
[www.theglowbarldn.com/nail-bar.html]
[static.wixstatic.com/media/c837a6_ba652fc4631343cf9f9a2887b192ec51_mv2.jpe/v1/fill/w_160,h_90,al_c,q_80,usm_0.66_1.00_0.01,blur_3,/c837a6_ba652fc4631343cf9f9a2887b192ec51_mv2.jpg]
[static.wixstatic.com/media/11062b_65c68dd9177b4c2b8edadd5ec6335e07_mv2_d_7187_4912_s_4_2.jpg/v1/fill/w_147,h_100,al_c,q_80,usm_0.66_1.00_0.01,blur_2,enc_avif,quality_auto/Long Lashes.jpg]
[www.theglowbarldn.com/blog.html]
[static.wixstatic.com/media/11062b_4a9958c6480243868018fd9ed6b0bddd_mv2.jpg/v1/fill/w_147,h_129,al_c,q_80,usm_0.66_1.00_0.01,blur_2,enc_avif,quality_auto/Woman with Freckles.jpg]
[static.wixstatic.com/media/a240ce_926e163aaee14062aad14f61bf9df53c_mv2.jpg/v1/fill/w_147,h_196,al_c,q_80,usm_0.66_1.00_0.01,blur_2,enc_avif,quality_auto/nails painted with grapefruit nail art.jpg]
[static.wixstatic.com/media/11062b_45e6c06c512e4763b44bcc486db1fab9_mv2.jpg/v1/fill/w_50,h_33,al_c,q_80,usm_0.66_1.00_0.01,blur_3,enc_auto/11062b_45e6c06c512e4763b44bcc486db1fab9_mv2.jpg]
[www.theglowbarldn.com/media/emptystate.85a4add5.48.delayed]
[static.wixstatic.com/media/c837a6_4441d76c511549bc88934f0422553c68_mv2.jpg/v1/fill/w_1,h_1,q_90,enc_avif,quality_auto/c837a6_4441d76c511549bc88934f0422553c68_mv2.jpg]
[static.wixstatic.com/media/c837a6_4441d76c511549bc88934f0422553c68_mv2.jpg/v1/fit/w_960,h_1276,q_90,enc_avif,quality_auto/c837a6_4441d76c511549bc88934f0422553c68_mv2.jpg]
[static.wixstatic.com/media/a240ce_48e3d4c1c3b048199263052ca369a5d6_mv2.jpg/v1/fill/w_1,h_1,q_90,enc_avif,quality_auto/a240ce_48e3d4c1c3b048199263052ca369a5d6_mv2.jpg]
[static.wixstatic.com/media/a240ce_48e3d4c1c3b048199263052ca369a5d6_mv2.jpg/v1/fit/w_960,h_1280,q_90,enc_avif,quality_auto/a240ce_48e3d4c1c3b048199263052ca369a5d6_mv2.jpg]
[static.wixstatic.com/media/98244d_9945190a0a2841668b4964fd62f36d5c_mv2.png/v1/fit/w_960,h_960,q_90,enc_avif,quality_auto/98244d_9945190a0a2841668b4964fd62f36d5c_mv2.png]
[static.wixstatic.com/media/a240ce_4fe08f6ccdaa4caa9e0b250ed893a7b1_mv2.jpg/v1/fill/w_1,h_1,q_90,enc_avif,quality_auto/a240ce_4fe08f6ccdaa4caa9e0b250ed893a7b1_mv2.jpg]
[static.wixstatic.com/media/a240ce_4fe08f6ccdaa4caa9e0b250ed893a7b1_mv2.jpg/v1/fit/w_960,h_1280,q_90,enc_avif,quality_auto/a240ce_4fe08f6ccdaa4caa9e0b250ed893a7b1_mv2.jpg]
[static.wixstatic.com/media/nsplsh_646571396e693445475938_mv2.jpg/v1/fill/w_1,h_1,q_90,enc_avif,quality_auto/nsplsh_646571396e693445475938_mv2.jpg]
[static.wixstatic.com/media/nsplsh_646571396e693445475938_mv2.jpg/v1/fit/w_480,h_722,q_90,enc_avif,quality_auto/nsplsh_646571396e693445475938_mv2.jpg]
[static.wixstatic.com/media/98244d_685b1286935e4cf29cbfc38893d7391a_mv2.png/v1/fit/w_960,h_960,q_90,enc_avif,quality_auto/98244d_685b1286935e4cf29cbfc38893d7391a_mv2.png]
[static.wixstatic.com/media/11062b_061e8defe63c473687673b60a5860f44_mv2.jpg/v1/fill/w_1,h_1,q_90,enc_avif,quality_auto/11062b_061e8defe63c473687673b60a5860f44_mv2.jpg]
[static.wixstatic.com/media/11062b_061e8defe63c473687673b60a5860f44_mv2.jpg/v1/fit/w_960,h_1200,q_90,enc_avif,quality_auto/11062b_061e8defe63c473687673b60a5860f44_mv2.jpg]
[static.wixstatic.com/media/a240ce_9967d73d76c04dcfb27b8e0db4813285_mv2.jpg/v1/fill/w_1,h_1,q_90,enc_avif,quality_auto/a240ce_9967d73d76c04dcfb27b8e0db4813285_mv2.jpg]
[static.wixstatic.com/media/a240ce_9967d73d76c04dcfb27b8e0db4813285_mv2.jpg/v1/fit/w_960,h_1280,q_90,enc_avif,quality_auto/a240ce_9967d73d76c04dcfb27b8e0db4813285_mv2.jpg]
[static.wixstatic.com/media/a240ce_efe0c1bc977648eb8745f5a824f0ba8a_mv2.jpg/v1/fill/w_1,h_1,q_90,enc_avif,quality_auto/a240ce_efe0c1bc977648eb8745f5a824f0ba8a_mv2.jpg]
[static.wixstatic.com/media/a240ce_efe0c1bc977648eb8745f5a824f0ba8a_mv2.jpg/v1/fit/w_765,h_1020,q_90,enc_avif,quality_auto/a240ce_efe0c1bc977648eb8745f5a824f0ba8a_mv2.jpg]
[static.wixstatic.com/media/98244d_025bae4d8aa24de3aa953f7bf0f423f2_mv2.png/v1/fit/w_927,h_1231,q_90,enc_avif,quality_auto/98244d_025bae4d8aa24de3aa953f7bf0f423f2_mv2.png]
[static.wixstatic.com/media/nsplsh_6c77547a4c2d5177685141_mv2_d_5472_3648_s_4_2.jpg/v1/fill/w_1,h_1,q_90,enc_avif,quality_auto/nsplsh_6c77547a4c2d5177685141_mv2_d_5472_3648_s_4_2.jpg]
[static.wixstatic.com/media/nsplsh_6c77547a4c2d5177685141_mv2_d_5472_3648_s_4_2.jpg/v1/fit/w_1440,h_961,q_90,enc_avif,quality_auto/nsplsh_6c77547a4c2d5177685141_mv2_d_5472_3648_s_4_2.jpg]
[static.wixstatic.com/media/a240ce_3d5f0e1630a24c79bfac0db4124599cd_mv2.png/v1/fit/w_960,h_960,q_90,enc_avif,quality_auto/a240ce_3d5f0e1630a24c79bfac0db4124599cd_mv2.png]
[static.wixstatic.com/media/a240ce_9af7e34229424a11b5bcd4c482683d43_mv2.jpg/v1/fill/w_1,h_1,q_90,enc_avif,quality_auto/a240ce_9af7e34229424a11b5bcd4c482683d43_mv2.jpg]
[static.wixstatic.com/media/a240ce_9af7e34229424a11b5bcd4c482683d43_mv2.jpg/v1/fit/w_960,h_1280,q_90,enc_avif,quality_auto/a240ce_9af7e34229424a11b5bcd4c482683d43_mv2.jpg]
[static.wixstatic.com/media/nsplsh_824cd04df3554445a46c64236a4dfda2_mv2.jpg/v1/fill/w_1,h_1,q_90,enc_avif,quality_auto/nsplsh_824cd04df3554445a46c64236a4dfda2_mv2.jpg]
[static.wixstatic.com/media/nsplsh_824cd04df3554445a46c64236a4dfda2_mv2.jpg/v1/fit/w_960,h_1023,q_90,enc_avif,quality_auto/nsplsh_824cd04df3554445a46c64236a4dfda2_mv2.jpg]
[static.wixstatic.com/media/a240ce_c079fa8884c14b3f9cd50df08d515595_mv2.jpg/v1/fill/w_1,h_1,q_90,enc_avif,quality_auto/a240ce_c079fa8884c14b3f9cd50df08d515595_mv2.jpg]
[static.wixstatic.com/media/a240ce_c079fa8884c14b3f9cd50df08d515595_mv2.jpg/v1/fit/w_480,h_855,q_90,enc_avif,quality_auto/a240ce_c079fa8884c14b3f9cd50df08d515595_mv2.jpg]
[static.wixstatic.com/media/98244d_3d33b48e1a894d9281550f185e9479d2_mv2.jpg/v1/fill/w_1,h_1,q_90,enc_avif,quality_auto/98244d_3d33b48e1a894d9281550f185e9479d2_mv2.jpg]
[static.wixstatic.com/media/98244d_3d33b48e1a894d9281550f185e9479d2_mv2.jpg/v1/fit/w_960,h_960,q_90,enc_avif,quality_auto/98244d_3d33b48e1a894d9281550f185e9479d2_mv2.jpg]
[static.wixstatic.com/media/a240ce_49a59ac4c6d7467e9a5d73d175edac0b_mv2.png/v1/fit/w_927,h_1231,q_90,enc_avif,quality_auto/a240ce_49a59ac4c6d7467e9a5d73d175edac0b_mv2.png]
[static.wixstatic.com/media/a240ce_5d70e25040b043bcb9796af4c8ef3470_mv2.png/v1/fit/w_960,h_1280,q_90,enc_avif,quality_auto/a240ce_5d70e25040b043bcb9796af4c8ef3470_mv2.png]
[static.wixstatic.com/media/a240ce_d5f05656c0494059850c64ca7f98a5f7_mv2.png/v1/fit/w_960,h_960,q_90,enc_avif,quality_auto/a240ce_d5f05656c0494059850c64ca7f98a5f7_mv2.png]
[static.wixstatic.com/media/a240ce_b2fc139f34714e27bff0642cc2337928_mv2.jpg/v1/fill/w_1,h_1,q_90,enc_avif,quality_auto/a240ce_b2fc139f34714e27bff0642cc2337928_mv2.jpg]
[static.wixstatic.com/media/a240ce_b2fc139f34714e27bff0642cc2337928_mv2.jpg/v1/fit/w_960,h_1280,q_90,enc_avif,quality_auto/a240ce_b2fc139f34714e27bff0642cc2337928_mv2.jpg]
[static.wixstatic.com/media/a240ce_4389089b92184671b8f536764de0e6ae_mv2.png/v1/fit/w_811,h_1023,q_90,enc_avif,quality_auto/a240ce_4389089b92184671b8f536764de0e6ae_mv2.png]
[static.wixstatic.com/media/a240ce_95f607f74f814c748a0b551fcfb97283_mv2.jpg/v1/fill/w_1,h_1,q_90,enc_avif,quality_auto/a240ce_95f607f74f814c748a0b551fcfb97283_mv2.jpg]
[static.wixstatic.com/media/a240ce_95f607f74f814c748a0b551fcfb97283_mv2.jpg/v1/fit/w_960,h_1280,q_90,enc_avif,quality_auto/a240ce_95f607f74f814c748a0b551fcfb97283_mv2.jpg]
[static.wixstatic.com/media/a240ce_4b95ee028daf4ccab765825f55401632_mv2.jpg/v1/fill/w_1,h_1,q_90,enc_avif,quality_auto/a240ce_4b95ee028daf4ccab765825f55401632_mv2.jpg]
[static.wixstatic.com/media/a240ce_4b95ee028daf4ccab765825f55401632_mv2.jpg/v1/fit/w_960,h_1200,q_90,enc_avif,quality_auto/a240ce_4b95ee028daf4ccab765825f55401632_mv2.jpg]
[static.wixstatic.com/media/a240ce_d0bb69a4d702480482a8ecc7090bdc47_mv2.jpg/v1/fill/w_1,h_1,q_90,enc_avif,quality_auto/a240ce_d0bb69a4d702480482a8ecc7090bdc47_mv2.jpg]
[static.wixstatic.com/media/a240ce_d0bb69a4d702480482a8ecc7090bdc47_mv2.jpg/v1/fit/w_960,h_960,q_90,enc_avif,quality_auto/a240ce_d0bb69a4d702480482a8ecc7090bdc47_mv2.jpg]
[static.wixstatic.com/media/11062b_afa82e3bb3bd4d569352b77d882e1f4e_mv2.jpe/v1/fill/w_100,h_67,al_c,q_80,usm_0.66_1.00_0.01,blur_3,/11062b_afa82e3bb3bd4d569352b77d882e1f4e_mv2.jpg]
[www.tiktok.com/@the.glow009b.html]
[www.instagram.com/theglowbarldn/index.html]
[www.theglowbarldn.com/cookie-policy.html]
[www.theglowbarldn.com/privacy-policy.html]
[www.theglowbarldn.com/terms-and-conditions.html]
[www.theglowbarldn.com/refund-policy.html]
[browser.sentry-cdn.com/7.120.3/bundle.tracing.es5.min.js]
[browser.sentry-cdn.com/7.120.3/modulemetadata.es5.min.js]
[static.parastorage.com/services/wix-thunderbolt/dist/index.html]
[www.theglowbarldn.com/api/index.html]
[www.theglowbarldn.com/envelope/index.html]
[www.theglowbarldn.com/sitemap.xml]
[www.theglowbarldn.com/feed.7c.delayed]
[static.parastorage.com/services/wix-thunderbolt/dist/thunderbolt-commons.69d6b9a3.bundle.min.js]
[static.parastorage.com/services/wix-thunderbolt/dist/main.8c04a366.bundle.min.js]
[static.parastorage.com/services/wix-thunderbolt/dist/main.renderer.f600e767.bundle.min.js]
[static.parastorage.com/unpkg/lodash@4.17.21/lodash.min.js]
[static.parastorage.com/unpkg/react@18.3.1/umd/react.production.min.js]
[static.parastorage.com/unpkg/react-dom@18.3.1/umd/react-dom.production.min.js]
[static.parastorage.com/services/ecom-platform-cart-icon/1.1752.0/CartIconViewerWidgetNoCss.bundle.min.js]
[static.parastorage.com/services/loyalty-tpa/1.2289.0/LoyaltyStatusViewerWidgetNoCss.bundle.min.js]
[static.parastorage.com/services/wix-thunderbolt/dist/browser-deprecation.bundle.es5.js]
[www.theglowbarldn.com/decodeURIComponent(e.86.delayed]
[static.parastorage.com/services/tag-manager-client/1.1028.0/siteTags.bundle.min.js]
[www.theglowbarldn.com/index.html]
[www.theglowbarldn.com/c.html]
[www.theglowbarldn.com/t.html]
[www.theglowbarldn.com/members-area/c.html]
[static.parastorage.com/tag-bundler/api/v1/fonts-cache/googlefont/woff2/s/poppins/v5/aDjpMND83pDErGXlVEr-Sfk_vArhqVIZ0nv9q090hN8.woff2]
[static.parastorage.com/tag-bundler/api/v1/fonts-cache/googlefont/woff2/s/poppins/v5/c4FPK8_hIFKoX59qcGwdChUOjZSKWg4xBWp_C_qQx0o.woff2]
[static.parastorage.com/tag-bundler/api/v1/fonts-cache/googlefont/woff2/s/poppins/v5/RbebACOccNN-5ixkDIVLjRUOjZSKWg4xBWp_C_qQx0o.woff2]
[static.parastorage.com/tag-bundler/api/v1/fonts-cache/googlefont/woff2/s/poppins/v5/9VWMTeb5jtXkNoTv949Npfk_vArhqVIZ0nv9q090hN8.woff2]
[www.theglowbarldn.com/members-area/t.html]
[www.theglowbarldn.com/members-area/sitemap.8f.delayed]
[www.theglowbarldn.com/members-area/feed.90.delayed]
[www.theglowbarldn.com/members-area/robots.html]
[www.theglowbarldn.com/members-area/my-rewards.html]
[static.wixstatic.com/shapes/11062b_216d4f3d9fc341d68ae730e78538655c.svg]
[static.wixstatic.com/media/nsplsh_555664724e5f5769345030_mv2_d_4052_3043_s/v1/fill/w_50,h_38,al_c,q_80,usm_0.66_1.00_0.01,blur_3,e/nsplsh_555664724e5f5769345030_mv2_d_4052_3043_s_4_2.jpg]
[www.theglowbarldn.com/members-area/decodeURIComponent(e.html]
[static.wixstatic.com/media/98244d_99e7cb1ed2d44408ae4e930eb2fad5ba_mv2.png/v1/fill/w_50,h_50,al_c,q_85,usm_0.66_1.00_0.01,blur_3,enc_auto/98244d_99e7cb1ed2d44408ae4e930eb2fad5ba_mv2.png]
[www.theglowbarldn.com/service-page/tiny-tattoo.html]
[www.theglowbarldn.com/service-page/consultation.html]
[static.wixstatic.com/media/98244d_a128654471544163b1892f0bacb28619_mv2.png/v1/fill/w_50,h_50,al_c,q_85,usm_0.66_1.00_0.01,blur_3,enc_auto/98244d_a128654471544163b1892f0bacb28619_mv2.png]
[www.theglowbarldn.com/service-page/consultation-with-treatment.html]
[www.theglowbarldn.com/service-page/the-glow-bar-virtual-consultation.html]
[www.theglowbarldn.com/service-page/face-to-face-prescriptions.html]
[www.theglowbarldn.com/service-page/anti-wrinkle-injections.html]
[www.theglowbarldn.com/service-page/baby-tox.html]
[www.theglowbarldn.com/service-page/men-s-anti-wrinkle-injections.html]
[www.theglowbarldn.com/service-page/anti-wrinkle-top-up.html]
[www.theglowbarldn.com/service-page/lip-flip.html]
[www.theglowbarldn.com/service-page/gummy-smile.html]
[www.theglowbarldn.com/service-page/lip-flip-gummy-smile-combo.html]
[www.theglowbarldn.com/service-page/tox-smile-lift-dao.html]
[www.theglowbarldn.com/service-page/cobbled-chin.html]
[www.theglowbarldn.com/service-page/masseter-tox.html]
[www.theglowbarldn.com/service-page/non-surgical-tox-rhinoplasty.html]
[static.wixstatic.com/media/11062b_3482045a010d43bfad2241179b6e4847_mv2.jpg/v1/fill/w_50,h_38,al_c,q_80,usm_0.66_1.00_0.01,blur_3,enc_auto/11062b_3482045a010d43bfad2241179b6e4847_mv2.jpg]
[www.theglowbarldn.com/service-page/nefertiti-neck-lift.html]
[www.theglowbarldn.com/service-page/lip-filler.html]
[www.theglowbarldn.com/service-page/lip-filler-dissolver.html]
[www.theglowbarldn.com/service-page/nasal-fold-filler.html]
[www.theglowbarldn.com/service-page/cheek-filler.html]
[www.theglowbarldn.com/service-page/chin-filler.html]
[www.theglowbarldn.com/service-page/jaw-filler.html]
[www.theglowbarldn.com/service-page/tear-trough-filler.html]
[www.theglowbarldn.com/service-page/liquid-rhinoplasty.html]
[www.theglowbarldn.com/service-page/micro-needling.html]
[www.theglowbarldn.com/service-page/micro-needling-skin-booster.html]
[www.theglowbarldn.com/service-page/micro-needling-exosomes.html]
[www.theglowbarldn.com/service-page/polynucleotides-1.html]
[www.theglowbarldn.com/service-page/polynucleotides-2-areas.html]
[www.theglowbarldn.com/service-page/polynucleotides-3-area.html]
[www.theglowbarldn.com/service-page/profhilo.html]
[www.theglowbarldn.com/service-page/lumi-pro-skin-booster.html]
[www.theglowbarldn.com/service-page/seventy-hyal-2000.html]
[www.theglowbarldn.com/service-page/lumi-eyes.html]
[www.theglowbarldn.com/service-page/lip-booster.html]
[www.theglowbarldn.com/service-page/acne-relief-injections.html]
[www.theglowbarldn.com/service-page/fat-dissolving-injections-body.html]
[www.theglowbarldn.com/service-page/fat-dissolving-injections-face.html]
[www.theglowbarldn.com/service-page/hyperhidrosis-tox-excessive-sweating.html]
[www.theglowbarldn.com/service-page/b12-injection.html]
[www.theglowbarldn.com/service-page/biotin-injection.html]
[www.theglowbarldn.com/service-page/hayfever-injection-kenalog.html]
[www.theglowbarldn.com/service-page/classic-lashes.html]
[www.theglowbarldn.com/service-page/hybrid-lashes.html]
[www.theglowbarldn.com/service-page/russian-lashes.html]
[www.theglowbarldn.com/service-page/classic-lash-infills.html]
[www.theglowbarldn.com/service-page/hybrid-lash-infills.html]
[www.theglowbarldn.com/service-page/russian-lash-infills.html]
[www.theglowbarldn.com/service-page/express-lash-infill.html]
[www.theglowbarldn.com/service-page/lash-extension-removal.html]
[www.theglowbarldn.com/service-page/lash-lift-tint.html]
[www.theglowbarldn.com/service-page/brow-lamination-tint.html]
[static.wixstatic.com/media/11062b_65c68dd9177b4c2b8edadd5ec6335e07_mv2_d_7/v1/fill/w_50,h_34,al_c,q_80,usm_0.66_1.00_0.01,blur_3,e/11062b_65c68dd9177b4c2b8edadd5ec6335e07_mv2_d_7187_4912_s_4_2.cc.d]
[www.theglowbarldn.com/service-page/lash-lift-brow-lamination-combo.html]
[www.theglowbarldn.com/service-page/lash-tint.html]
[www.theglowbarldn.com/service-page/brow-tint.html]
[static.wixstatic.com/media/98244d_14ce78784a0d4fdba1ff4a4e3694fe2c_mv2.png/v1/fill/w_50,h_50,al_c,q_85,usm_0.66_1.00_0.01,blur_3,enc_auto/98244d_14ce78784a0d4fdba1ff4a4e3694fe2c_mv2.png]
[www.theglowbarldn.com/service-page/lash-brow-tint-combo.html]
[www.theglowbarldn.com/service-page/patch-test-lash-lift-brow-lamination.html]
[www.theglowbarldn.com/service-page/gel-manicure-bare-nails.html]
[www.theglowbarldn.com/service-page/gel-manicure-soak-off.html]
[www.theglowbarldn.com/service-page/express-gel-manicure-1.html]
[www.theglowbarldn.com/service-page/gel-removal-strengthening-treatment.html]
[www.theglowbarldn.com/service-page/naked-manicure.html]
[www.theglowbarldn.com/service-page/biab-manicure.html]
[www.theglowbarldn.com/service-page/biab-infills.html]
[static.wixstatic.com/media/a240ce_52e5d2888363495296988d9f9dc26a9d_mv2.jpg/v1/fill/w_48,h_50,al_c,q_80,usm_0.66_1.00_0.01,blur_3,enc_auto/a240ce_52e5d2888363495296988d9f9dc26a9d_mv2.jpg]
[www.theglowbarldn.com/service-page/biab-mani-inc-removal.html]
[www.theglowbarldn.com/service-page/biab-removal-strengthening-treatment.html]
[www.theglowbarldn.com/service-page/biab-manicure-with-extensions.html]
[www.theglowbarldn.com/service-page/nail-art.html]
[static.wixstatic.com/media/f4e6b4d3adc942c2952a9a3198f6af00.jpg/v1/fill/w_50,h_37,al_c,q_80,usm_0.66_1.00_0.01,blur_3,enc_auto/f4e6b4d3adc942c2952a9a3198f6af00.jpg]
[www.theglowbarldn.com/service-page/gel-manicure-pedicure.html]
[static.wixstatic.com/media/11062b_46b5baac7fa1476ba512947c4f7aa391_mv2_d_5/v1/fill/w_50,h_33,al_c,q_80,usm_0.66_1.00_0.01,blur_3,e/11062b_46b5baac7fa1476ba512947c4f7aa391_mv2_d_5000_3337_s_4_2.e1.d]
[www.theglowbarldn.com/service-page/luxury-spa-pedicure.html]
[www.theglowbarldn.com/service-page/gel-toes.html]
[www.theglowbarldn.com/service-page/gel-toes-incl-removal.html]
[www.theglowbarldn.com/service-page/naked-pedicure.html]
[static.wixstatic.com/media/11062b_20d5473753f74def863aba95ed843d3a_mv2.jpg/v1/fill/w_50,h_33,al_c,q_80,usm_0.66_1.00_0.01,blur_3,enc_auto/11062b_20d5473753f74def863aba95ed843d3a_mv2.jpg]
[www.theglowbarldn.com/service-page/gel-removal-add-on.html]
[www.theglowbarldn.com/service-page/french-chrome-finish-add-on.html]
[www.theglowbarldn.com/treatments.html]
[www.w3.org/2000/svg.html]
[www.theglowbarldn.com/service-page/toenail-reconstruction-inc-gel.html]
[static.wixstatic.com/media/a240ce_fd6e8bc67df348f9a8b30c5395bedeea_mv2.jpg/v1/crop/x_0,y_658,w_1587,h_1587/fill/w_147,h_147,al_c,q_80,usm_0.66_1.00_0.01,blur_2,enc_avif,quality_auto/2_edited.jpg]
[static.wixstatic.com/media/a240ce_81f7c769a3724438bf4ae13b3a67b8de_mv2.jpeg/v1/fill/w_130,h_86,al_c,q_80,usm_0.66_1.00_0.01,blur_2,enc_avif,quality_auto/IMG_3947.jpg]
[static.wixstatic.com/media/a240ce_25b790fa9e71438f8af944a5e1d26c33_mv2.jpg/v1/fill/w_147,h_110,al_c,q_80,usm_0.66_1.00_0.01,blur_2,enc_avif,quality_auto/543B9063-19F2-40F2-8AF6-EB8E4E83E4F8.jpg]
[static.wixstatic.com/media/a240ce_4b95ee028daf4ccab765825f55401632_mv2.jpg/v1/fill/w_147,h_184,al_c,q_80,usm_0.66_1.00_0.01,blur_2/9BA5FFA2-4241-4204-BC85-04648126A9BF_JPG.jpg]
[static.wixstatic.com/media/a240ce_0722f261abad449c85a417cc95e1ce4a_mv2.jpg/v1/fill/w_160,h_80,al_c,q_80,usm_0.66_1.00_0.01,blur_3,/a240ce_0722f261abad449c85a417cc95e1ce4a_mv2.jpg]
[static.wixstatic.com/media/a240ce_de414a53d6864fb3972440bf5902de21_mv2.jpg/v1/fill/w_147,h_196,al_c,q_80,usm_0.66_1.00_0.01,blur_2,enc_avif,quality_auto/PHOTO-2024-10-11-15-52-11.jpg]
[static.wixstatic.com/media/a240ce_72d434c5159d403f8d59ea276b4d6052_mv2.jpg/v1/crop/x_0,y_1009,w_3024,h_3023/fill/w_147,h_147,al_c,q_80,usm_0.66_1.00_0.01,blur_2/IMG_0235 3.jpg]
[static.wixstatic.com/media/a240ce_68192e6ab5154ee09aaa4f387ce29e16_mv2.jpg/v1/crop/x_0,y_1009,w_3024,h_3023/fill/w_147,h_147,al_c,q_80,usm_0.66_1.00_0.01,blur_2/IMG_2407_JPG.jpg]
[static.wixstatic.com/media/a240ce_db4f967fb03d412eb2a4bb869b98d86e_mv2.jpg/v1/crop/x_0,y_70,w_2489,h_2488/fill/w_147,h_147,al_c,q_80,usm_0.66_1.00_0.01,blur_2/Ruchelle_edited.jpg]
[static.wixstatic.com/media/a240ce_2e9ad50d682c450aaa750149178cdc6f_mv2.jpg/v1/fill/w_147,h_196,al_c,q_80,usm_0.66_1.00_0.01,blur_2,enc_avif,quality_auto/IMG_2737 3.jpg]
[www.theglowbarldn.com/about-us.html]
[static.wixstatic.com/media/a240ce_7c45e84ddc1f4a888e40d22371e8d1a2_mv2.jpg/v1/fit/w_121,h_81,q_80,usm_0.66_1.00_0.01,blur_2,enc_auto/a240ce_7c45e84ddc1f4a888e40d22371e8d1a2_mv2.jpg]
[www.theglowbarldn.com/gift-cards.html]
[www.theglowbarldn.com/treatment-subscriptions.html]
[static.wixstatic.com/media/98244d_2337148ece5a41ebb4dc7cd0cc2a8b64_mv2.jpg/v1/fit/w_480,h_640,q_90,enc_avif,quality_auto/98244d_2337148ece5a41ebb4dc7cd0cc2a8b64_mv2.jpg]
[static.wixstatic.com/media/a240ce_05dc7a0243bf4474a1335fd335e3baed_mv2.jpg/v1/fit/w_480,h_480,q_90,enc_avif,quality_auto/a240ce_05dc7a0243bf4474a1335fd335e3baed_mv2.jpg]
[static.wixstatic.com/media/a240ce_9b84072acf7d465488df9b10dff0b697_mv2.jpg/v1/fit/w_480,h_600,q_90,enc_avif,quality_auto/a240ce_9b84072acf7d465488df9b10dff0b697_mv2.jpg]
[static.wixstatic.com/media/a240ce_4d66ab70e3c346a4beff0d7f1e6604b7_mv2.jpg/v1/fit/w_480,h_706,q_90,enc_avif,quality_auto/a240ce_4d66ab70e3c346a4beff0d7f1e6604b7_mv2.jpg]
[static.wixstatic.com/media/a240ce_48e3d4c1c3b048199263052ca369a5d6_mv2.jpg/v1/fit/w_480,h_641,q_90,enc_avif,quality_auto/a240ce_48e3d4c1c3b048199263052ca369a5d6_mv2.jpg]
[static.wixstatic.com/media/a240ce_e3fd71e98fed4d4796e83469c2dfff2a_mv2.jpg/v1/fit/w_480,h_480,q_90,enc_avif,quality_auto/a240ce_e3fd71e98fed4d4796e83469c2dfff2a_mv2.jpg]
[static.wixstatic.com/media/a240ce_95f607f74f814c748a0b551fcfb97283_mv2.jpg/v1/fit/w_480,h_640,q_90,enc_avif,quality_auto/a240ce_95f607f74f814c748a0b551fcfb97283_mv2.jpg]
[static.wixstatic.com/media/a240ce_9af7e34229424a11b5bcd4c482683d43_mv2.jpg/v1/fit/w_480,h_641,q_90,enc_avif,quality_auto/a240ce_9af7e34229424a11b5bcd4c482683d43_mv2.jpg]
[static.wixstatic.com/media/a240ce_9967d73d76c04dcfb27b8e0db4813285_mv2.jpg/v1/fit/w_480,h_640,q_90,enc_avif,quality_auto/a240ce_9967d73d76c04dcfb27b8e0db4813285_mv2.jpg]
[static.wixstatic.com/media/a240ce_d0bb69a4d702480482a8ecc7090bdc47_mv2.jpg/v1/fit/w_480,h_480,q_90,enc_avif,quality_auto/a240ce_d0bb69a4d702480482a8ecc7090bdc47_mv2.jpg]
[static.wixstatic.com/media/a240ce_5ef4fa7ce9c74a2e98f9794fda10e0ad_mv2.jpg/v1/fit/w_480,h_854,q_90,enc_avif,quality_auto/a240ce_5ef4fa7ce9c74a2e98f9794fda10e0ad_mv2.jpg]
[static.wixstatic.com/media/a240ce_196d01085ccf4f12ac8f45efe10cdc6f_mv2.jpg/v1/fit/w_480,h_641,q_90,enc_avif,quality_auto/a240ce_196d01085ccf4f12ac8f45efe10cdc6f_mv2.jpg]
[static.wixstatic.com/media/a240ce_4fe08f6ccdaa4caa9e0b250ed893a7b1_mv2.jpg/v1/fit/w_480,h_641,q_90,enc_avif,quality_auto/a240ce_4fe08f6ccdaa4caa9e0b250ed893a7b1_mv2.jpg]
[static.wixstatic.com/media/a240ce_c9f7040959a946e29bc018f3d9981825_mv2.png/v1/fit/w_480,h_640,q_90,enc_avif,quality_auto/a240ce_c9f7040959a946e29bc018f3d9981825_mv2.png]
[static.wixstatic.com/media/a240ce_379f5984055943e6b38877bb2d29ca67_mv2.png/v1/fit/w_480,h_641,q_90,enc_avif,quality_auto/a240ce_379f5984055943e6b38877bb2d29ca67_mv2.png]
[static.wixstatic.com/media/a240ce_5d70e25040b043bcb9796af4c8ef3470_mv2.png/v1/fit/w_480,h_640,q_90,enc_avif,quality_auto/a240ce_5d70e25040b043bcb9796af4c8ef3470_mv2.png]
[www.theglowbarldn.com/nail-bar.html]
[www.theglowbarldn.com/blog/categories/energy-wellness.html]
[static.wixstatic.com/media/a240ce_94c86e636c744f18afef8e0208a0f4be_mv2.jpg/v1/fill/w_333,h_250,fp_0.50_0.50,q_30,blur_30,enc_avif,quality_auto/a240ce_94c86e636c744f18afef8e0208a0f4be_mv2.jpg]
[static.wixstatic.com/media/a240ce_94c86e636c744f18afef8e0208a0f4be_mv2.jpg/v1/fill/w_514,h_386,fp_0.50_0.50,q_90,enc_avif,quality_auto/a240ce_94c86e636c744f18afef8e0208a0f4be_mv2.jpg]
[www.theglowbarldn.com/blog/categories/skincare-treatments.html]
[static.wixstatic.com/media/11062b_a6edfcd151b346b89f07639e9c50955a_mv2.jpg/v1/fill/w_333,h_250,fp_0.50_0.50,q_30,blur_30,enc_avif,quality_auto/11062b_a6edfcd151b346b89f07639e9c50955a_mv2.jpg]
[static.wixstatic.com/media/11062b_a6edfcd151b346b89f07639e9c50955a_mv2.jpg/v1/fill/w_514,h_386,fp_0.50_0.50,q_90,enc_avif,quality_auto/11062b_a6edfcd151b346b89f07639e9c50955a_mv2.jpg]
[www.theglowbarldn.com/post/vitamin-injections-london.html]
[static.wixstatic.com/media/nsplsh_e2b003eccf73477d9957965164ee66ce_mv2.jpg/v1/fill/w_333,h_250,fp_0.50_0.50,q_30,blur_30,enc_avif,quality_auto/nsplsh_e2b003eccf73477d9957965164ee66ce_mv2.jpg]
[static.wixstatic.com/media/nsplsh_e2b003eccf73477d9957965164ee66ce_mv2.jpg/v1/fill/w_514,h_386,fp_0.50_0.50,q_90,enc_avif,quality_auto/nsplsh_e2b003eccf73477d9957965164ee66ce_mv2.jpg]
[www.theglowbarldn.com/post/polynucleotide-treatments-london.html]
[static.wixstatic.com/media/a240ce_c875a44694e948a1ac1468987fa03acd_mv2.jpg/v1/fill/w_333,h_250,fp_0.50_0.50,q_30,blur_30,enc_avif,quality_auto/a240ce_c875a44694e948a1ac1468987fa03acd_mv2.jpg]
[www.theglowbarldn.com/post/wellness-workshop-london.html]
[static.wixstatic.com/media/a240ce_c875a44694e948a1ac1468987fa03acd_mv2.jpg/v1/fill/w_514,h_386,fp_0.50_0.50,q_90,enc_avif,quality_auto/a240ce_c875a44694e948a1ac1468987fa03acd_mv2.jpg]
[static.wixstatic.com/media/98244d_dcb6f605953f47e8a64ee271fd26260e_mv2.jpg/v1/fill/w_333,h_250,fp_0.50_0.50,q_30,blur_30,enc_avif,quality_auto/98244d_dcb6f605953f47e8a64ee271fd26260e_mv2.jpg]
[static.wixstatic.com/media/98244d_dcb6f605953f47e8a64ee271fd26260e_mv2.jpg/v1/fill/w_514,h_386,fp_0.50_0.50,q_90,enc_avif,quality_auto/98244d_dcb6f605953f47e8a64ee271fd26260e_mv2.jpg]
[www.theglowbarldn.com/post/embracing-self-care-routines-that-boost-your-glow.html]
[static.wixstatic.com/media/a240ce_e917b0935bd14fcdac484798572318e6_mv2.jpeg/v1/fill/w_333,h_250,fp_0.50_0.50,q_30,blur_30,enc_avif,quality_auto/a240ce_e917b0935bd14fcdac484798572318e6_mv2.jpg]
[www.theglowbarldn.com/post/the-ultimate-guide-to-valentine-s-nail-art-trends-for-2025.html]
[static.wixstatic.com/media/a240ce_e917b0935bd14fcdac484798572318e6_mv2.jpeg/v1/fill/w_514,h_386,fp_0.50_0.50,q_90,enc_avif,quality_auto/a240ce_e917b0935bd14fcdac484798572318e6_mv2.jpg]
[static.wixstatic.com/media/a240ce_eb7d0c890e384e078f94abe7601db02d_mv2.jpg/v1/fill/w_333,h_250,fp_0.50_0.50,q_30,blur_30,enc_avif,quality_auto/a240ce_eb7d0c890e384e078f94abe7601db02d_mv2.jpg]
[static.wixstatic.com/media/a240ce_eb7d0c890e384e078f94abe7601db02d_mv2.jpg/v1/fill/w_514,h_386,fp_0.50_0.50,q_90,enc_avif,quality_auto/a240ce_eb7d0c890e384e078f94abe7601db02d_mv2.jpg]
[www.theglowbarldn.com/post/lash-extension-aftercare-tips-and-why-it-matters.html]
[static.wixstatic.com/media/a240ce_5152fcca0cc84972b6dbf13aaf1d6f5c_mv2.jpg/v1/fill/w_333,h_250,fp_0.50_0.50,q_30,blur_30,enc_avif,quality_auto/a240ce_5152fcca0cc84972b6dbf13aaf1d6f5c_mv2.jpg]
[static.wixstatic.com/media/a240ce_5152fcca0cc84972b6dbf13aaf1d6f5c_mv2.jpg/v1/fill/w_514,h_386,fp_0.50_0.50,q_90,enc_avif,quality_auto/a240ce_5152fcca0cc84972b6dbf13aaf1d6f5c_mv2.jpg]
[www.theglowbarldn.com/post/nail-colour-design-trends-for-2025.html]
[static.wixstatic.com/media/a240ce_9a1a1021b6224c15bef2ce4b9b32722e_mv2.jpg/v1/fill/w_324,h_250,fp_0.50_0.50,q_30,blur_30,enc_avif,quality_auto/a240ce_9a1a1021b6224c15bef2ce4b9b32722e_mv2.jpg]
[static.wixstatic.com/media/a240ce_9a1a1021b6224c15bef2ce4b9b32722e_mv2.jpg/v1/fill/w_500,h_386,fp_0.50_0.50,q_90,enc_avif,quality_auto/a240ce_9a1a1021b6224c15bef2ce4b9b32722e_mv2.jpg]
[www.theglowbarldn.com/post/everything-you-need-to-know-about-the-glow-bar-ldn-s-monthly-treatment-subscriptions.html]
[www.theglowbarldn.com/blog.html]
[www.theglowbarldn.com/media/emptystate.85a4add5.html]
[www.theglowbarldn.com/post/template-the-ultimate-guide-to-writing-the-ultimate-guide.html]
[www.instagram.com/theglowbarldn/theaustralian.com.au/index.html]
[www.instagram.com/theglowbarldn/news.com.au/index.html]
[www.instagram.com/theglowbarldn/kollosche.com.au/index.html]
[www.instagram.com/theglowbarldn/awstrack.me/index.html]
[www.instagram.com/theglowbarldn/yf2SNo/index.html]
[www.instagram.com/theglowbarldn/d0pXej/index.html]
[www.instagram.com/theglowbarldn/9nEeAW/index.html]
[www.instagram.com/theglowbarldn/index.html]
[www.tiktok.com/manifest.json]
[www.tiktok.com/@the.glow009b.html]
[www.theglowbarldn.com/cookie-policy.html]
[www.theglowbarldn.com/privacy-policy.html]
[www.theglowbarldn.com/terms-and-conditions.html]
[www.theglowbarldn.com/refund-policy.html]
[www.instagram.com/theglowbarldn/hp5i9E/index.html]
[panorama.wixapps.net/api/v1/bulklog.html]
[static.parastorage.com/services/wix-thunderbolt/dist/index.html]
[static.wixstatic.com/media/index.html]
[static.wixstatic.com/media]
[static.wixstatic.com/index.html]
[www.theglowbarldn.com/api/index.html]
[www.theglowbarldn.com/envelope/index.html]
[www.theglowbarldn.com/feed.html]
[localhost_/index.html]
[www.theglowbarldn.com/decodeURIComponent(e.html]
[www.theglowbarldn.com/members-area/c.html]
[www.theglowbarldn.com/members-area/t.html]
[www.theglowbarldn.com/members-area/robots.html]
[www.theglowbarldn.com/members-area/sitemap.html]
[www.theglowbarldn.com/members-area/feed.html]
[www.theglowbarldn.com/members-area/decodeURIComponent(e.html]
[www.theglowbarldn.com/service-page/c.12b.delayed]
[www.theglowbarldn.com/service-page/t.12c.delayed]
[www.theglowbarldn.com/service-page/robots.12d.delayed]
[www.theglowbarldn.com/service-page/sitemap.12e.delayed]
[www.theglowbarldn.com/service-page/feed.12f.delayed]
[www.theglowbarldn.com/service-page/decodeURIComponent(e.130.delayed]
[www.theglowbarldn.com/service-page/tiny-tattoo.html]
[www.theglowbarldn.com/service-page/consultation.html]
[www.theglowbarldn.com/service-page/consultation-with-treatment.html]
[www.theglowbarldn.com/service-page/the-glow-bar-virtual-consultation.html]
[www.theglowbarldn.com/service-page/face-to-face-prescriptions.html]
[www.theglowbarldn.com/service-page/anti-wrinkle-injections.html]
[www.theglowbarldn.com/service-page/baby-tox.html]
[www.theglowbarldn.com/service-page/men-s-anti-wrinkle-injections.html]
[www.theglowbarldn.com/service-page/anti-wrinkle-top-up.html]
[www.theglowbarldn.com/service-page/lip-flip.html]
[www.theglowbarldn.com/service-page/gummy-smile.html]
[www.theglowbarldn.com/service-page/lip-flip-gummy-smile-combo.html]
[www.theglowbarldn.com/service-page/tox-smile-lift-dao.html]
[www.theglowbarldn.com/service-page/cobbled-chin.html]
[www.theglowbarldn.com/service-page/masseter-tox.html]
[www.theglowbarldn.com/service-page/non-surgical-tox-rhinoplasty.html]
[www.theglowbarldn.com/service-page/nefertiti-neck-lift.html]
[www.theglowbarldn.com/service-page/lip-filler.html]
[www.theglowbarldn.com/service-page/lip-filler-dissolver.html]
[www.theglowbarldn.com/service-page/nasal-fold-filler.html]
[www.theglowbarldn.com/service-page/cheek-filler.html]
[www.theglowbarldn.com/service-page/chin-filler.html]
[www.theglowbarldn.com/service-page/jaw-filler.html]
[www.theglowbarldn.com/service-page/tear-trough-filler.html]
[www.theglowbarldn.com/service-page/liquid-rhinoplasty.html]
[www.theglowbarldn.com/service-page/micro-needling.html]
[www.theglowbarldn.com/service-page/micro-needling-skin-booster.html]
[www.theglowbarldn.com/service-page/micro-needling-exosomes.html]
[www.theglowbarldn.com/service-page/polynucleotides-1.html]
[www.theglowbarldn.com/service-page/polynucleotides-2-areas.html]
[www.theglowbarldn.com/service-page/polynucleotides-3-area.html]
[www.theglowbarldn.com/service-page/profhilo.html]
[www.theglowbarldn.com/service-page/lumi-pro-skin-booster.html]
[www.theglowbarldn.com/service-page/seventy-hyal-2000.html]
[www.theglowbarldn.com/service-page/lumi-eyes.html]
[www.theglowbarldn.com/service-page/lip-booster.html]
[www.theglowbarldn.com/service-page/acne-relief-injections.html]
[www.theglowbarldn.com/service-page/fat-dissolving-injections-body.html]
[www.theglowbarldn.com/service-page/fat-dissolving-injections-face.html]
[www.theglowbarldn.com/service-page/hyperhidrosis-tox-excessive-sweating.html]
[www.theglowbarldn.com/service-page/b12-injection.html]
[www.theglowbarldn.com/service-page/biotin-injection.html]
[www.theglowbarldn.com/service-page/hayfever-injection-kenalog.html]
[www.theglowbarldn.com/service-page/classic-lashes.html]
[www.theglowbarldn.com/service-page/hybrid-lashes.html]
[www.theglowbarldn.com/service-page/russian-lashes.html]
[www.theglowbarldn.com/service-page/classic-lash-infills.html]
[www.theglowbarldn.com/service-page/hybrid-lash-infills.html]
[www.theglowbarldn.com/service-page/russian-lash-infills.html]
[www.theglowbarldn.com/service-page/express-lash-infill.html]
[www.theglowbarldn.com/service-page/lash-extension-removal.html]
[www.theglowbarldn.com/service-page/lash-lift-tint.html]
[www.theglowbarldn.com/service-page/brow-lamination-tint.html]
[www.theglowbarldn.com/service-page/lash-lift-brow-lamination-combo.html]
[www.theglowbarldn.com/service-page/lash-tint.html]
[www.theglowbarldn.com/service-page/brow-tint.html]
[www.theglowbarldn.com/service-page/lash-brow-tint-combo.html]
[www.theglowbarldn.com/service-page/patch-test-lash-lift-brow-lamination.html]
[www.theglowbarldn.com/service-page/gel-manicure-bare-nails.html]
[www.theglowbarldn.com/service-page/gel-manicure-soak-off.html]
[www.theglowbarldn.com/service-page/express-gel-manicure-1.html]
[www.theglowbarldn.com/service-page/gel-removal-strengthening-treatment.html]
[www.theglowbarldn.com/service-page/naked-manicure.html]
[www.theglowbarldn.com/service-page/biab-manicure.html]
[www.theglowbarldn.com/service-page/biab-infills.html]
[www.theglowbarldn.com/service-page/biab-mani-inc-removal.html]
[www.theglowbarldn.com/service-page/biab-removal-strengthening-treatment.html]
[www.theglowbarldn.com/service-page/biab-manicure-with-extensions.html]
[www.theglowbarldn.com/service-page/nail-art.html]
[www.theglowbarldn.com/service-page/gel-manicure-pedicure.html]
[www.theglowbarldn.com/service-page/luxury-spa-pedicure.html]
[www.theglowbarldn.com/service-page/gel-toes.html]
[www.theglowbarldn.com/service-page/gel-toes-incl-removal.html]
[www.theglowbarldn.com/service-page/naked-pedicure.html]
[www.theglowbarldn.com/service-page/gel-removal-add-on.html]
[www.theglowbarldn.com/service-page/french-chrome-finish-add-on.html]
[www.theglowbarldn.com/service-page/toenail-reconstruction-inc-gel.html]
[www.theglowbarldn.com/blog/categories/c.131.delayed]
[www.theglowbarldn.com/blog/categories/t.132.delayed]
[static.wixstatic.com/media/a240ce_94c86e636c744f18afef8e0208a0f4be_mv2.jpg/v1/fill/w_305,h_229,fp_0.50_0.50,q_90,enc_avif,quality_auto/a240ce_94c86e636c744f18afef8e0208a0f4be_mv2.jpg]
[www.theglowbarldn.com/blog/categories/robots.134.delayed]
[www.theglowbarldn.com/blog/categories/sitemap.135.delayed]
[www.theglowbarldn.com/blog/categories/feed.136.delayed]
[www.theglowbarldn.com/blog/categories/decodeURIComponent(e.137.delayed]
[www.theglowbarldn.com/blog/categories/energy-wellness.html]
[static.wixstatic.com/media/11062b_a6edfcd151b346b89f07639e9c50955a_mv2.jpg/v1/fill/w_305,h_229,fp_0.50_0.50,q_90,enc_avif,quality_auto/11062b_a6edfcd151b346b89f07639e9c50955a_mv2.jpg]
[www.theglowbarldn.com/blog/categories/skincare-treatments.html]
[www.theglowbarldn.com/post/c.139.delayed]
[www.theglowbarldn.com/post/t.13a.delayed]
[static.wixstatic.com/media/a240ce_94c86e636c744f18afef8e0208a0f4be_mv2.jpg/v1/fill/w_147,h_56,al_c,q_80,usm_0.66_1.00_0.01,blur_2,/a240ce_94c86e636c744f18afef8e0208a0f4be_mv2.jpg]
[www.theglowbarldn.com/blog/tags/vitamin-injections.html]
[www.theglowbarldn.com/treatments5495.html]
[www.theglowbarldn.com/blog/tags/wellness.html]
[www.theglowbarldn.com/blog/tags/energy-booster.html]
[www.theglowbarldn.com/post/robots.140.delayed]
[www.theglowbarldn.com/post/sitemap.141.delayed]
[www.theglowbarldn.com/post/feed.142.delayed]
[www.theglowbarldn.com/post/decodeURIComponent(e.143.delayed]
[www.theglowbarldn.com/post/vitamin-injections-london.html]
[static.wixstatic.com/media/98244d_a39a09b9d5dc4257aa10fb3a65884e34_mv2.jpg/v1/fill/w_147,h_73,al_c,q_80,usm_0.66_1.00_0.01,blur_2,/98244d_a39a09b9d5dc4257aa10fb3a65884e34_mv2.jpg]
[www.theglowbarldn.com/treatments09dd.html]
[www.theglowbarldn.com/blog/hashtags/PolynucleotideTreatmentLondon.html]
[www.theglowbarldn.com/blog/hashtags/SkinRejuvenation.html]
[www.theglowbarldn.com/blog/hashtags/TheGlowBarLDN.html]
[www.theglowbarldn.com/blog/hashtags/AntiAgingTreatment.html]
[www.theglowbarldn.com/blog/hashtags/SkinCareSolutions.html]
[www.theglowbarldn.com/blog/tags/polynucleotide-treatment.html]
[www.theglowbarldn.com/post/polynucleotide-treatments-london.html]
[www.theglowbarldn.com/blog/tags/hydration.html]
[static.wixstatic.com/media/nsplsh_e2b003eccf73477d9957965164ee66ce_mv2.jpg/v1/fill/w_147,h_98,al_c,q_80,usm_0.66_1.00_0.01,blur_2,/nsplsh_e2b003eccf73477d9957965164ee66ce_mv2.jpg]
[www.theglowbarldn.com/blog/tags/skinboosters.html]
[www.theglowbarldn.com/post/wellness-workshop-london.html]
[static.wixstatic.com/media/98244d_f5d5d44743f846d888261008cfdfebb8_mv2.jpg/v1/fill/w_147,h_83,al_c,q_80,usm_0.66_1.00_0.01,blur_2,/98244d_f5d5d44743f846d888261008cfdfebb8_mv2.jpg]
[www.theglowbarldn.com/treatmentsfa28.html]
[static.wixstatic.com/media/98244d_8e65d80fed6f45fea3661c9fc14d0f4c_mv2.jpg/v1/fill/w_147,h_98,al_c,q_80,usm_0.66_1.00_0.01,blur_2,/98244d_8e65d80fed6f45fea3661c9fc14d0f4c_mv2.jpg]
[www.theglowbarldn.com/post/embracing-self-care-routines-that-boost-your-glow.html]
[static.wixstatic.com/media/98244d_dcb6f605953f47e8a64ee271fd26260e_mv2.jpg/v1/fill/w_147,h_98,al_c,q_80,usm_0.66_1.00_0.01,blur_2,/98244d_dcb6f605953f47e8a64ee271fd26260e_mv2.jpg]
[static.wixstatic.com/media/98244d_2b9729622934410a913406a83c703299_mv2.jpg/v1/fill/w_147,h_83,al_c,q_80,usm_0.66_1.00_0.01,blur_2,/98244d_2b9729622934410a913406a83c703299_mv2.jpg]
[www.theglowbarldn.com/post/the-ultimate-guide-to-valentine-s-nail-art-trends-for-2025.html]
[static.wixstatic.com/media/a240ce_509deec0321c4587bde9beed6f9d6ad5_mv2.jpg/v1/fill/w_147,h_83,al_c,q_80,usm_0.66_1.00_0.01,blur_2,/a240ce_509deec0321c4587bde9beed6f9d6ad5_mv2.jpg]
[www.theglowbarldn.com/post/lash-extension-aftercare-tips-and-why-it-matters.html]
[static.wixstatic.com/media/a240ce_eb7d0c890e384e078f94abe7601db02d_mv2.jpg/v1/fill/w_147,h_147,al_c,q_80,usm_0.66_1.00_0.01,blur_2/a240ce_eb7d0c890e384e078f94abe7601db02d_mv2.jpg]
[static.wixstatic.com/media/a240ce_af11c86d0e4640d785a1982b047c059e_mv2.jpg/v1/fill/w_147,h_147,al_c,q_80,usm_0.66_1.00_0.01,blur_2/a240ce_af11c86d0e4640d785a1982b047c059e_mv2.jpg]
[static.wixstatic.com/media/a240ce_926e163aaee14062aad14f61bf9df53c_mv2.jpg/v1/fill/w_147,h_196,al_c,q_80,usm_0.66_1.00_0.01,blur_2/a240ce_926e163aaee14062aad14f61bf9df53c_mv2.jpg]
[static.wixstatic.com/media/a240ce_9b84072acf7d465488df9b10dff0b697_mv2.jpg/v1/fill/w_147,h_184,al_c,q_80,usm_0.66_1.00_0.01,blur_2/a240ce_9b84072acf7d465488df9b10dff0b697_mv2.jpg]
[www.theglowbarldn.com/post/nail-colour-design-trends-for-2025.html]
[static.wixstatic.com/media/a240ce_9cd18c26e91a42a6b5ce82961edbfc66_mv2.jpg/v1/fill/w_147,h_83,al_c,q_80,usm_0.66_1.00_0.01,blur_2,/a240ce_9cd18c26e91a42a6b5ce82961edbfc66_mv2.jpg]
[www.theglowbarldn.com/monthly-plans.15a.delayed]
[www.theglowbarldn.com/post/everything-you-need-to-know-about-the-glow-bar-ldn-s-monthly-treatment-subscriptions.html]
[static.wixstatic.com/media/11062b_2d7f1abc351f45e98fb6c694f32ab671_mv2.jpg/v1/fill/w_147,h_98,al_c,q_80,usm_0.66_1.00_0.01,blur_2,/11062b_2d7f1abc351f45e98fb6c694f32ab671_mv2.jpg]
[www.theglowbarldn.com/post/template-the-ultimate-guide-to-writing-the-ultimate-guide.html]
[www.instagram.com/theglowbarldn/theaustralian.com.au/theaustralian.com.15c.delayed]
[www.instagram.com/theglowbarldn/theaustralian.com.au/news.com.au]
[www.instagram.com/theglowbarldn/theaustralian.com.au/kollosche.com.au]
[www.instagram.com/theglowbarldn/theaustralian.com.au/awstrack.me]
[www.instagram.com/theglowbarldn/theaustralian.com.au/yf2SNo]
[www.instagram.com/theglowbarldn/theaustralian.com.au/d0pXej]
[www.instagram.com/theglowbarldn/theaustralian.com.au/9nEeAW]
[www.instagram.com/theglowbarldn/theaustralian.com.au/+RQCqw]
[www.instagram.com/theglowbarldn/theaustralian.com.au/hp5i9E]
[www.instagram.com/theglowbarldn/theaustralian.com.au/index.html]
[www.instagram.com/theglowbarldn/news.com.au/theaustralian.com.au]
[www.instagram.com/theglowbarldn/news.com.au/news.com.au]
[www.instagram.com/theglowbarldn/news.com.au/kollosche.com.au]
[www.instagram.com/theglowbarldn/news.com.au/awstrack.me]
[www.instagram.com/theglowbarldn/news.com.au/yf2SNo]
[www.instagram.com/theglowbarldn/news.com.au/d0pXej]
[www.instagram.com/theglowbarldn/news.com.au/9nEeAW]
[www.instagram.com/theglowbarldn/news.com.au/+RQCqw]
[www.instagram.com/theglowbarldn/news.com.au/hp5i9E]
[www.instagram.com/theglowbarldn/news.com.au/index.html]
[www.instagram.com/theglowbarldn/kollosche.com.au/theaustralian.com.au]
[www.instagram.com/theglowbarldn/kollosche.com.au/news.com.au]
[www.instagram.com/theglowbarldn/kollosche.com.au/kollosche.com.au]
[www.instagram.com/theglowbarldn/kollosche.com.au/awstrack.me]
[www.instagram.com/theglowbarldn/kollosche.com.au/yf2SNo]
[www.instagram.com/theglowbarldn/kollosche.com.au/d0pXej]
[www.instagram.com/theglowbarldn/kollosche.com.au/9nEeAW]
[www.instagram.com/theglowbarldn/kollosche.com.au/+RQCqw]
[www.instagram.com/theglowbarldn/kollosche.com.au/hp5i9E]
[www.instagram.com/theglowbarldn/kollosche.com.au/index.html]
[www.instagram.com/theglowbarldn/awstrack.me/theaustralian.com.au]
[www.instagram.com/theglowbarldn/awstrack.me/news.com.au]
[www.instagram.com/theglowbarldn/awstrack.me/kollosche.com.au]
[www.instagram.com/theglowbarldn/awstrack.me/awstrack.me]
[www.instagram.com/theglowbarldn/awstrack.me/yf2SNo]
[www.instagram.com/theglowbarldn/awstrack.me/d0pXej]
[www.instagram.com/theglowbarldn/awstrack.me/9nEeAW]
[www.instagram.com/theglowbarldn/awstrack.me/+RQCqw]
[www.instagram.com/theglowbarldn/awstrack.me/hp5i9E]
[www.instagram.com/theglowbarldn/awstrack.me/index.html]
[www.instagram.com/theglowbarldn/yf2SNo/theaustralian.com.au]
[www.instagram.com/theglowbarldn/yf2SNo/news.com.au]
[www.instagram.com/theglowbarldn/yf2SNo/kollosche.com.au]
[www.instagram.com/theglowbarldn/yf2SNo/awstrack.me]
[www.instagram.com/theglowbarldn/yf2SNo/yf2SNo]
[www.instagram.com/theglowbarldn/yf2SNo/d0pXej]
[www.instagram.com/theglowbarldn/yf2SNo/9nEeAW]
[www.instagram.com/theglowbarldn/yf2SNo/+RQCqw]
[www.instagram.com/theglowbarldn/yf2SNo/hp5i9E]
[www.instagram.com/theglowbarldn/yf2SNo/index.html]
[www.instagram.com/theglowbarldn/d0pXej/theaustralian.com.au]
[www.instagram.com/theglowbarldn/d0pXej/news.com.au]
[www.instagram.com/theglowbarldn/d0pXej/kollosche.com.au]
[www.instagram.com/theglowbarldn/d0pXej/awstrack.me]
[www.instagram.com/theglowbarldn/d0pXej/yf2SNo]
[www.instagram.com/theglowbarldn/d0pXej/d0pXej]
[www.instagram.com/theglowbarldn/d0pXej/9nEeAW]
[www.instagram.com/theglowbarldn/d0pXej/+RQCqw]
[www.instagram.com/theglowbarldn/d0pXej/hp5i9E]
[www.instagram.com/theglowbarldn/d0pXej/index.html]
[www.instagram.com/theglowbarldn/9nEeAW/theaustralian.com.au]
[www.instagram.com/theglowbarldn/9nEeAW/news.com.au]
[www.instagram.com/theglowbarldn/9nEeAW/kollosche.com.au]
[www.instagram.com/theglowbarldn/9nEeAW/awstrack.me]
[www.instagram.com/theglowbarldn/9nEeAW/yf2SNo]
[www.instagram.com/theglowbarldn/9nEeAW/d0pXej]
[www.instagram.com/theglowbarldn/9nEeAW/9nEeAW]
[www.instagram.com/theglowbarldn/9nEeAW/+RQCqw]
[www.instagram.com/theglowbarldn/9nEeAW/hp5i9E]
[www.instagram.com/theglowbarldn/9nEeAW/index.html]
[www.instagram.com/theglowbarldn/+RQCqw/index.html]
[www.instagram.com/theglowbarldn/hp5i9E/theaustralian.com.au]
[www.instagram.com/theglowbarldn/hp5i9E/news.com.au]
[www.instagram.com/theglowbarldn/hp5i9E/kollosche.com.au]
[www.instagram.com/theglowbarldn/hp5i9E/awstrack.me]
[www.instagram.com/theglowbarldn/hp5i9E/yf2SNo]
[www.instagram.com/theglowbarldn/hp5i9E/d0pXej]
[www.instagram.com/theglowbarldn/hp5i9E/9nEeAW]
[www.instagram.com/theglowbarldn/hp5i9E/+RQCqw]
[www.instagram.com/theglowbarldn/hp5i9E/hp5i9E]
[www.instagram.com/theglowbarldn/hp5i9E/index.html]
[www.theglowbarldn.com/service-page/c.html]
[www.theglowbarldn.com/service-page/t.html]
[www.theglowbarldn.com/service-page/robots.html]
[www.theglowbarldn.com/service-page/sitemap.html]
[www.theglowbarldn.com/service-page/feed.html]
[www.theglowbarldn.com/service-page/decodeURIComponent(e.html]
[www.theglowbarldn.com/blog/categories/c.html]
[www.theglowbarldn.com/blog/categories/t.html]
[www.theglowbarldn.com/blog/categories/robots.html]
[www.theglowbarldn.com/blog/categories/sitemap.html]
[www.theglowbarldn.com/blog/categories/feed.html]
[www.theglowbarldn.com/blog/categories/decodeURIComponent(e.html]
[www.theglowbarldn.com/post/c.html]
[www.theglowbarldn.com/post/t.html]
[www.theglowbarldn.com/treatments5495.html]
[www.theglowbarldn.com/blog/tags/c.1a4.delayed]
[www.theglowbarldn.com/blog/tags/t.1a5.delayed]
[www.theglowbarldn.com/blog/tags/robots.1a6.delayed]
[www.theglowbarldn.com/blog/tags/sitemap.1a7.delayed]
[www.theglowbarldn.com/blog/tags/feed.1a8.delayed]
[www.theglowbarldn.com/blog/tags/decodeURIComponent(e.1a9.delayed]
[www.theglowbarldn.com/blog/tags/vitamin-injections.html]
[www.theglowbarldn.com/blog/tags/wellness.html]
[www.theglowbarldn.com/blog/tags/energy-booster.html]
[www.theglowbarldn.com/post/robots.html]
[www.theglowbarldn.com/post/sitemap.html]
[www.theglowbarldn.com/post/feed.html]
[www.theglowbarldn.com/post/decodeURIComponent(e.html]
[www.theglowbarldn.com/treatments09dd.html]
[www.theglowbarldn.com/blog/hashtags/c.1aa.delayed]
[www.theglowbarldn.com/blog/hashtags/t.1ab.delayed]
[www.theglowbarldn.com/blog/hashtags/robots.1ac.delayed]
[www.theglowbarldn.com/blog/hashtags/sitemap.1ad.delayed]
[www.theglowbarldn.com/blog/hashtags/feed.1ae.delayed]
[www.theglowbarldn.com/blog/hashtags/decodeURIComponent(e.1af.delayed]
[www.theglowbarldn.com/blog/hashtags/PolynucleotideTreatmentLondon.html]
[www.theglowbarldn.com/blog/hashtags/SkinRejuvenation.html]
[www.theglowbarldn.com/blog/hashtags/TheGlowBarLDN.html]
[www.theglowbarldn.com/blog/hashtags/AntiAgingTreatment.html]
[www.theglowbarldn.com/blog/hashtags/SkinCareSolutions.html]
[www.theglowbarldn.com/blog/tags/polynucleotide-treatment.html]
[www.theglowbarldn.com/blog/tags/hydration.html]
[www.theglowbarldn.com/blog/tags/skinboosters.html]
[www.theglowbarldn.com/treatmentsfa28.html]
[www.theglowbarldn.com/monthly-plans.html]
[www.instagram.com/theglowbarldn/theaustralian.com.au/theaustralian.com.html]
[www.instagram.com/theglowbarldn/theaustralian.com.au/news.com.html]
[www.instagram.com/theglowbarldn/theaustralian.com.au/kollosche.com.html]
[www.instagram.com/theglowbarldn/theaustralian.com.au/awstrack.html]
[www.instagram.com/theglowbarldn/theaustralian.com.au/yf2SNo.html]
[www.instagram.com/theglowbarldn/theaustralian.com.au/d0pXej.html]
[www.instagram.com/theglowbarldn/theaustralian.com.au/9nEeAW.html]
[www.instagram.com/theglowbarldn/theaustralian.com.au/+RQCqw.html]
[www.instagram.com/theglowbarldn/theaustralian.com.au/hp5i9E.html]
[www.instagram.com/theglowbarldn/news.com.au/theaustralian.com.html]
[www.instagram.com/theglowbarldn/news.com.au/news.com.html]
[www.instagram.com/theglowbarldn/news.com.au/kollosche.com.html]
[www.instagram.com/theglowbarldn/news.com.au/awstrack.html]
[www.instagram.com/theglowbarldn/news.com.au/yf2SNo.html]
[www.instagram.com/theglowbarldn/news.com.au/d0pXej.html]
[www.instagram.com/theglowbarldn/news.com.au/9nEeAW.html]
[www.instagram.com/theglowbarldn/news.com.au/+RQCqw.html]
[www.instagram.com/theglowbarldn/news.com.au/hp5i9E.html]
[www.instagram.com/theglowbarldn/kollosche.com.au/theaustralian.com.html]
[www.instagram.com/theglowbarldn/kollosche.com.au/news.com.html]
[www.instagram.com/theglowbarldn/kollosche.com.au/kollosche.com.html]
[www.instagram.com/theglowbarldn/kollosche.com.au/awstrack.html]
[www.instagram.com/theglowbarldn/kollosche.com.au/yf2SNo.html]
[www.instagram.com/theglowbarldn/kollosche.com.au/d0pXej.html]
[www.instagram.com/theglowbarldn/kollosche.com.au/9nEeAW.html]
[www.instagram.com/theglowbarldn/kollosche.com.au/+RQCqw.html]
[www.instagram.com/theglowbarldn/kollosche.com.au/hp5i9E.html]
[www.instagram.com/theglowbarldn/awstrack.me/theaustralian.com.html]
[www.instagram.com/theglowbarldn/awstrack.me/news.com.html]
[www.instagram.com/theglowbarldn/awstrack.me/kollosche.com.html]
[www.instagram.com/theglowbarldn/awstrack.me/awstrack.html]
[www.instagram.com/theglowbarldn/awstrack.me/yf2SNo.html]
[www.instagram.com/theglowbarldn/awstrack.me/d0pXej.html]
[www.instagram.com/theglowbarldn/awstrack.me/9nEeAW.html]
[www.instagram.com/theglowbarldn/awstrack.me/+RQCqw.html]
[www.instagram.com/theglowbarldn/awstrack.me/hp5i9E.html]
[www.instagram.com/theglowbarldn/yf2SNo/theaustralian.com.html]
[www.instagram.com/theglowbarldn/yf2SNo/news.com.html]
[www.instagram.com/theglowbarldn/yf2SNo/kollosche.com.html]
[www.instagram.com/theglowbarldn/yf2SNo/awstrack.html]
[www.instagram.com/theglowbarldn/yf2SNo/yf2SNo.html]
[www.instagram.com/theglowbarldn/yf2SNo/d0pXej.html]
[www.instagram.com/theglowbarldn/yf2SNo/9nEeAW.html]
[www.instagram.com/theglowbarldn/yf2SNo/+RQCqw.html]
[www.instagram.com/theglowbarldn/yf2SNo/hp5i9E.html]
[www.instagram.com/theglowbarldn/d0pXej/theaustralian.com.html]
[www.instagram.com/theglowbarldn/d0pXej/news.com.html]
[www.instagram.com/theglowbarldn/d0pXej/kollosche.com.html]
[www.instagram.com/theglowbarldn/d0pXej/awstrack.html]
[www.instagram.com/theglowbarldn/d0pXej/yf2SNo.html]
[www.instagram.com/theglowbarldn/d0pXej/d0pXej.html]
[www.instagram.com/theglowbarldn/d0pXej/9nEeAW.html]
[www.instagram.com/theglowbarldn/d0pXej/+RQCqw.html]
[www.instagram.com/theglowbarldn/d0pXej/hp5i9E.html]
[www.instagram.com/theglowbarldn/9nEeAW/theaustralian.com.html]
[www.instagram.com/theglowbarldn/9nEeAW/news.com.html]
[www.instagram.com/theglowbarldn/9nEeAW/kollosche.com.html]
[www.instagram.com/theglowbarldn/9nEeAW/awstrack.html]
[www.instagram.com/theglowbarldn/9nEeAW/yf2SNo.html]
[www.instagram.com/theglowbarldn/9nEeAW/d0pXej.html]
[www.instagram.com/theglowbarldn/9nEeAW/9nEeAW.html]
[www.instagram.com/theglowbarldn/9nEeAW/+RQCqw.html]
[www.instagram.com/theglowbarldn/9nEeAW/hp5i9E.html]
[www.instagram.com/theglowbarldn/hp5i9E/theaustralian.com.html]
[www.instagram.com/theglowbarldn/hp5i9E/news.com.html]
[www.instagram.com/theglowbarldn/hp5i9E/kollosche.com.html]
[www.instagram.com/theglowbarldn/hp5i9E/awstrack.html]
[www.instagram.com/theglowbarldn/hp5i9E/yf2SNo.html]
[www.instagram.com/theglowbarldn/hp5i9E/d0pXej.html]
[www.instagram.com/theglowbarldn/hp5i9E/9nEeAW.html]
[www.instagram.com/theglowbarldn/hp5i9E/+RQCqw.html]
[www.instagram.com/theglowbarldn/hp5i9E/hp5i9E.html]
[bo.wix.com/suricate/index.html]
[www.theglowbarldn.com/blog/tags/c.html]
[www.theglowbarldn.com/blog/tags/t.html]
[www.theglowbarldn.com/blog/tags/robots.html]
[www.theglowbarldn.com/blog/tags/sitemap.html]
[www.theglowbarldn.com/blog/tags/feed.html]
[www.theglowbarldn.com/blog/tags/decodeURIComponent(e.html]
[www.theglowbarldn.com/blog/hashtags/c.html]
[www.theglowbarldn.com/blog/hashtags/t.html]
[www.theglowbarldn.com/blog/hashtags/robots.html]
[www.theglowbarldn.com/blog/hashtags/sitemap.html]
[www.theglowbarldn.com/blog/hashtags/feed.html]
[www.theglowbarldn.com/blog/hashtags/decodeURIComponent(e.html]
[static.parastorage.com/services/ecom-platform-cart-icon/1.1752.0/CartIconViewerWidget.bundle.min.js]
